> Task :compileJava
> Task :processResources
> Task :classes
> Task :resolveMainClassName

> Task :bootRun

  .   ____          _            __ _ _
 /\\ / ___'_ __ _ _(_)_ __  __ _ \ \ \ \
( ( )\___ | '_ | '_| | '_ \/ _` | \ \ \ \
 \\/  ___)| |_)| | | | | || (_| |  ) ) ) )
  '  |____| .__|_| |_|_| |_\__, | / / / /
 =========|_|==============|___/=/_/_/_/

 :: Spring Boot ::                (v3.3.5)

2026-05-09T05:59:24.002+09:00  INFO 16352 --- [moim-backend] [           main] com.moim.MoimApplication                 : Starting MoimApplication using Java 17.0.19 with PID 16352 (C:\works\moim\backend\build\classes\java\main started by Jhyeon in C:\works\moim\backend)
2026-05-09T05:59:24.004+09:00  INFO 16352 --- [moim-backend] [           main] com.moim.MoimApplication                 : The following 1 profile is active: "dev"
2026-05-09T05:59:24.291+09:00  INFO 16352 --- [moim-backend] [           main] .s.d.r.c.RepositoryConfigurationDelegate : Bootstrapping Spring Data JPA repositories in DEFAULT mode.
2026-05-09T05:59:24.333+09:00  INFO 16352 --- [moim-backend] [           main] .s.d.r.c.RepositoryConfigurationDelegate : Finished Spring Data repository scanning in 37 ms. Found 9 JPA repository interfaces.
2026-05-09T05:59:24.765+09:00  INFO 16352 --- [moim-backend] [           main] o.s.b.w.embedded.tomcat.TomcatWebServer  : Tomcat initialized with port 8080 (http)
2026-05-09T05:59:24.773+09:00  INFO 16352 --- [moim-backend] [           main] o.apache.catalina.core.StandardService   : Starting service [Tomcat]
2026-05-09T05:59:24.773+09:00  INFO 16352 --- [moim-backend] [           main] o.apache.catalina.core.StandardEngine    : Starting Servlet engine: [Apache Tomcat/10.1.31]
2026-05-09T05:59:24.815+09:00  INFO 16352 --- [moim-backend] [           main] o.a.c.c.C.[Tomcat].[localhost].[/]       : Initializing Spring embedded WebApplicationContext
2026-05-09T05:59:24.815+09:00  INFO 16352 --- [moim-backend] [           main] w.s.c.ServletWebServerApplicationContext : Root WebApplicationContext: initialization completed in 782 ms
2026-05-09T05:59:24.830+09:00  INFO 16352 --- [moim-backend] [           main] com.zaxxer.hikari.HikariDataSource       : HikariPool-1 - Starting...
2026-05-09T05:59:29.051+09:00  INFO 16352 --- [moim-backend] [           main] com.zaxxer.hikari.pool.HikariPool        : HikariPool-1 - Added connection conn1: url=jdbc:h2:file:./data/moim user=SA
2026-05-09T05:59:29.052+09:00  INFO 16352 --- [moim-backend] [           main] com.zaxxer.hikari.HikariDataSource       : HikariPool-1 - Start completed.
2026-05-09T05:59:29.057+09:00  INFO 16352 --- [moim-backend] [           main] o.s.b.a.h2.H2ConsoleAutoConfiguration    : H2 console available at '/h2-console'. Database available at 'jdbc:h2:file:./data/moim'
2026-05-09T05:59:29.118+09:00  INFO 16352 --- [moim-backend] [           main] o.hibernate.jpa.internal.util.LogHelper  : HHH000204: Processing PersistenceUnitInfo [name: default]
2026-05-09T05:59:29.150+09:00  INFO 16352 --- [moim-backend] [           main] org.hibernate.Version                    : HHH000412: Hibernate ORM core version 6.5.3.Final
2026-05-09T05:59:29.170+09:00  INFO 16352 --- [moim-backend] [           main] o.h.c.internal.RegionFactoryInitiator    : HHH000026: Second-level cache disabled
2026-05-09T05:59:29.338+09:00  INFO 16352 --- [moim-backend] [           main] o.s.o.j.p.SpringPersistenceUnitInfo      : No LoadTimeWeaver setup: ignoring JPA class transformer
2026-05-09T05:59:29.903+09:00  INFO 16352 --- [moim-backend] [           main] o.h.e.t.j.p.i.JtaPlatformInitiator       : HHH000489: No JTA platform available (set 'hibernate.transaction.jta.platform' to enable JTA platform integration)
Hibernate: 
    alter table if exists notification_settings 
       drop constraint if exists UKp15c3jcnb9lfbgqk9pd26jwyf
Hibernate: 
    alter table if exists notification_settings 
       add constraint UKp15c3jcnb9lfbgqk9pd26jwyf unique (user_id, room_id)
2026-05-09T05:59:29.930+09:00  INFO 16352 --- [moim-backend] [           main] j.LocalContainerEntityManagerFactoryBean : Initialized JPA EntityManagerFactory for persistence unit 'default'
2026-05-09T05:59:30.171+09:00  INFO 16352 --- [moim-backend] [           main] o.s.d.j.r.query.QueryEnhancerFactory     : Hibernate is in classpath; If applicable, HQL parser will be used.
2026-05-09T05:59:30.379+09:00  WARN 16352 --- [moim-backend] [           main] JpaBaseConfiguration$JpaWebConfiguration : spring.jpa.open-in-view is enabled by default. Therefore, database queries may be performed during view rendering. Explicitly configure spring.jpa.open-in-view to disable this warning
2026-05-09T05:59:30.390+09:00  INFO 16352 --- [moim-backend] [           main] r$InitializeUserDetailsManagerConfigurer : Global AuthenticationManager configured with UserDetailsService bean with name userDetailsService
2026-05-09T05:59:30.642+09:00  INFO 16352 --- [moim-backend] [           main] o.s.b.w.embedded.tomcat.TomcatWebServer  : Tomcat started on port 8080 (http) with context path '/'
2026-05-09T05:59:30.648+09:00  INFO 16352 --- [moim-backend] [           main] com.moim.MoimApplication                 : Started MoimApplication in 6.891 seconds (process running for 7.096)
Hibernate: 
    select
        u1_0.id 
    from
        users u1_0 
    where
        (
            u1_0.is_deleted = false
        ) 
        and u1_0.email=? 
    fetch
        first ? rows only
Hibernate: 
    select
        s1_0.id,
        s1_0.created_at,
        s1_0.created_by,
        s1_0.description,
        s1_0.event_date,
        s1_0.event_time,
        s1_0.is_deleted,
        s1_0.location,
        s1_0.room_id,
        s1_0.title 
    from
        schedules s1_0 
    where
        (
            s1_0.is_deleted = false
        ) 
        and s1_0.event_date=? 
        and s1_0.event_time between ? and ?
Hibernate: 
    select
        s1_0.id,
        s1_0.created_at,
        s1_0.created_by,
        s1_0.description,
        s1_0.event_date,
        s1_0.event_time,
        s1_0.is_deleted,
        s1_0.location,
        s1_0.room_id,
        s1_0.title 
    from
        schedules s1_0 
    where
        (
            s1_0.is_deleted = false
        ) 
        and s1_0.event_date=? 
        and s1_0.event_time between ? and ?
Hibernate: 
    select
        s1_0.id,
        s1_0.created_at,
        s1_0.created_by,
        s1_0.description,
        s1_0.event_date,
        s1_0.event_time,
        s1_0.is_deleted,
        s1_0.location,
        s1_0.room_id,
        s1_0.title 
    from
        schedules s1_0 
    where
        (
            s1_0.is_deleted = false
        ) 
        and s1_0.event_date=? 
        and s1_0.event_time between ? and ?
Hibernate: 
    select
        s1_0.id,
        s1_0.created_at,
        s1_0.created_by,
        s1_0.description,
        s1_0.event_date,
        s1_0.event_time,
        s1_0.is_deleted,
        s1_0.location,
        s1_0.room_id,
        s1_0.title 
    from
        schedules s1_0 
    where
        (
            s1_0.is_deleted = false
        ) 
        and s1_0.event_date=? 
        and s1_0.event_time between ? and ?
Hibernate: 
    select
        s1_0.id,
        s1_0.created_at,
        s1_0.created_by,
        s1_0.description,
        s1_0.event_date,
        s1_0.event_time,
        s1_0.is_deleted,
        s1_0.location,
        s1_0.room_id,
        s1_0.title 
    from
        schedules s1_0 
    where
        (
            s1_0.is_deleted = false
        ) 
        and s1_0.event_date=? 
        and s1_0.event_time between ? and ?
Hibernate: 
    select
        s1_0.id,
        s1_0.created_at,
        s1_0.created_by,
        s1_0.description,
        s1_0.event_date,
        s1_0.event_time,
        s1_0.is_deleted,
        s1_0.location,
        s1_0.room_id,
        s1_0.title 
    from
        schedules s1_0 
    where
        (
            s1_0.is_deleted = false
        ) 
        and s1_0.event_date=? 
        and s1_0.event_time between ? and ?
Hibernate: 
    select
        s1_0.id,
        s1_0.created_at,
        s1_0.created_by,
        s1_0.description,
        s1_0.event_date,
        s1_0.event_time,
        s1_0.is_deleted,
        s1_0.location,
        s1_0.room_id,
        s1_0.title 
    from
        schedules s1_0 
    where
        (
            s1_0.is_deleted = false
        ) 
        and s1_0.event_date=? 
        and s1_0.event_time between ? and ?
Hibernate: 
    select
        s1_0.id,
        s1_0.created_at,
        s1_0.created_by,
        s1_0.description,
        s1_0.event_date,
        s1_0.event_time,
        s1_0.is_deleted,
        s1_0.location,
        s1_0.room_id,
        s1_0.title 
    from
        schedules s1_0 
    where
        (
            s1_0.is_deleted = false
        ) 
        and s1_0.event_date=? 
        and s1_0.event_time between ? and ?
Hibernate: 
    select
        s1_0.id,
        s1_0.created_at,
        s1_0.created_by,
        s1_0.description,
        s1_0.event_date,
        s1_0.event_time,
        s1_0.is_deleted,
        s1_0.location,
        s1_0.room_id,
        s1_0.title 
    from
        schedules s1_0 
    where
        (
            s1_0.is_deleted = false
        ) 
        and s1_0.event_date=? 
        and s1_0.event_time between ? and ?
Hibernate: 
    select
        s1_0.id,
        s1_0.created_at,
        s1_0.created_by,
        s1_0.description,
        s1_0.event_date,
        s1_0.event_time,
        s1_0.is_deleted,
        s1_0.location,
        s1_0.room_id,
        s1_0.title 
    from
        schedules s1_0 
    where
        (
            s1_0.is_deleted = false
        ) 
        and s1_0.event_date=? 
        and s1_0.event_time between ? and ?
Hibernate: 
    select
        s1_0.id,
        s1_0.created_at,
        s1_0.created_by,
        s1_0.description,
        s1_0.event_date,
        s1_0.event_time,
        s1_0.is_deleted,
        s1_0.location,
        s1_0.room_id,
        s1_0.title 
    from
        schedules s1_0 
    where
        (
            s1_0.is_deleted = false
        ) 
        and s1_0.event_date=? 
        and s1_0.event_time between ? and ?
Hibernate: 
    select
        s1_0.id,
        s1_0.created_at,
        s1_0.created_by,
        s1_0.description,
        s1_0.event_date,
        s1_0.event_time,
        s1_0.is_deleted,
        s1_0.location,
        s1_0.room_id,
        s1_0.title 
    from
        schedules s1_0 
    where
        (
            s1_0.is_deleted = false
        ) 
        and s1_0.event_date=? 
        and s1_0.event_time between ? and ?
Hibernate: 
    select
        s1_0.id,
        s1_0.created_at,
        s1_0.created_by,
        s1_0.description,
        s1_0.event_date,
        s1_0.event_time,
        s1_0.is_deleted,
        s1_0.location,
        s1_0.room_id,
        s1_0.title 
    from
        schedules s1_0 
    where
        (
            s1_0.is_deleted = false
        ) 
        and s1_0.event_date=? 
        and s1_0.event_time between ? and ?
Hibernate: 
    select
        s1_0.id,
        s1_0.created_at,
        s1_0.created_by,
        s1_0.description,
        s1_0.event_date,
        s1_0.event_time,
        s1_0.is_deleted,
        s1_0.location,
        s1_0.room_id,
        s1_0.title 
    from
        schedules s1_0 
    where
        (
            s1_0.is_deleted = false
        ) 
        and s1_0.event_date=? 
        and s1_0.event_time between ? and ?
Hibernate: 
    select
        s1_0.id,
        s1_0.created_at,
        s1_0.created_by,
        s1_0.description,
        s1_0.event_date,
        s1_0.event_time,
        s1_0.is_deleted,
        s1_0.location,
        s1_0.room_id,
        s1_0.title 
    from
        schedules s1_0 
    where
        (
            s1_0.is_deleted = false
        ) 
        and s1_0.event_date=? 
        and s1_0.event_time between ? and ?
Hibernate: 
    select
        s1_0.id,
        s1_0.created_at,
        s1_0.created_by,
        s1_0.description,
        s1_0.event_date,
        s1_0.event_time,
        s1_0.is_deleted,
        s1_0.location,
        s1_0.room_id,
        s1_0.title 
    from
        schedules s1_0 
    where
        (
            s1_0.is_deleted = false
        ) 
        and s1_0.event_date=? 
        and s1_0.event_time between ? and ?
Hibernate: 
    select
        s1_0.id,
        s1_0.created_at,
        s1_0.created_by,
        s1_0.description,
        s1_0.event_date,
        s1_0.event_time,
        s1_0.is_deleted,
        s1_0.location,
        s1_0.room_id,
        s1_0.title 
    from
        schedules s1_0 
    where
        (
            s1_0.is_deleted = false
        ) 
        and s1_0.event_date=? 
        and s1_0.event_time between ? and ?
Hibernate: 
    select
        s1_0.id,
        s1_0.created_at,
        s1_0.created_by,
        s1_0.description,
        s1_0.event_date,
        s1_0.event_time,
        s1_0.is_deleted,
        s1_0.location,
        s1_0.room_id,
        s1_0.title 
    from
        schedules s1_0 
    where
        (
            s1_0.is_deleted = false
        ) 
        and s1_0.event_date=? 
        and s1_0.event_time between ? and ?
Hibernate: 
    select
        s1_0.id,
        s1_0.created_at,
        s1_0.created_by,
        s1_0.description,
        s1_0.event_date,
        s1_0.event_time,
        s1_0.is_deleted,
        s1_0.location,
        s1_0.room_id,
        s1_0.title 
    from
        schedules s1_0 
    where
        (
            s1_0.is_deleted = false
        ) 
        and s1_0.event_date=? 
        and s1_0.event_time between ? and ?
Hibernate: 
    select
        s1_0.id,
        s1_0.created_at,
        s1_0.created_by,
        s1_0.description,
        s1_0.event_date,
        s1_0.event_time,
        s1_0.is_deleted,
        s1_0.location,
        s1_0.room_id,
        s1_0.title 
    from
        schedules s1_0 
    where
        (
            s1_0.is_deleted = false
        ) 
        and s1_0.event_date=? 
        and s1_0.event_time between ? and ?
Hibernate: 
    select
        s1_0.id,
        s1_0.created_at,
        s1_0.created_by,
        s1_0.description,
        s1_0.event_date,
        s1_0.event_time,
        s1_0.is_deleted,
        s1_0.location,
        s1_0.room_id,
        s1_0.title 
    from
        schedules s1_0 
    where
        (
            s1_0.is_deleted = false
        ) 
        and s1_0.event_date=? 
        and s1_0.event_time between ? and ?
Hibernate: 
    select
        s1_0.id,
        s1_0.created_at,
        s1_0.created_by,
        s1_0.description,
        s1_0.event_date,
        s1_0.event_time,
        s1_0.is_deleted,
        s1_0.location,
        s1_0.room_id,
        s1_0.title 
    from
        schedules s1_0 
    where
        (
            s1_0.is_deleted = false
        ) 
        and s1_0.event_date=? 
        and s1_0.event_time between ? and ?
Hibernate: 
    select
        s1_0.id,
        s1_0.created_at,
        s1_0.created_by,
        s1_0.description,
        s1_0.event_date,
        s1_0.event_time,
        s1_0.is_deleted,
        s1_0.location,
        s1_0.room_id,
        s1_0.title 
    from
        schedules s1_0 
    where
        (
            s1_0.is_deleted = false
        ) 
        and s1_0.event_date=? 
        and s1_0.event_time between ? and ?
Hibernate: 
    select
        s1_0.id,
        s1_0.created_at,
        s1_0.created_by,
        s1_0.description,
        s1_0.event_date,
        s1_0.event_time,
        s1_0.is_deleted,
        s1_0.location,
        s1_0.room_id,
        s1_0.title 
    from
        schedules s1_0 
    where
        (
            s1_0.is_deleted = false
        ) 
        and s1_0.event_date=? 
        and s1_0.event_time between ? and ?
Hibernate: 
    select
        s1_0.id,
        s1_0.created_at,
        s1_0.created_by,
        s1_0.description,
        s1_0.event_date,
        s1_0.event_time,
        s1_0.is_deleted,
        s1_0.location,
        s1_0.room_id,
        s1_0.title 
    from
        schedules s1_0 
    where
        (
            s1_0.is_deleted = false
        ) 
        and s1_0.event_date=? 
        and s1_0.event_time between ? and ?
Hibernate: 
    select
        s1_0.id,
        s1_0.created_at,
        s1_0.created_by,
        s1_0.description,
        s1_0.event_date,
        s1_0.event_time,
        s1_0.is_deleted,
        s1_0.location,
        s1_0.room_id,
        s1_0.title 
    from
        schedules s1_0 
    where
        (
            s1_0.is_deleted = false
        ) 
        and s1_0.event_date=? 
        and s1_0.event_time between ? and ?
Hibernate: 
    select
        s1_0.id,
        s1_0.created_at,
        s1_0.created_by,
        s1_0.description,
        s1_0.event_date,
        s1_0.event_time,
        s1_0.is_deleted,
        s1_0.location,
        s1_0.room_id,
        s1_0.title 
    from
        schedules s1_0 
    where
        (
            s1_0.is_deleted = false
        ) 
        and s1_0.event_date=? 
        and s1_0.event_time between ? and ?
Hibernate: 
    select
        s1_0.id,
        s1_0.created_at,
        s1_0.created_by,
        s1_0.description,
        s1_0.event_date,
        s1_0.event_time,
        s1_0.is_deleted,
        s1_0.location,
        s1_0.room_id,
        s1_0.title 
    from
        schedules s1_0 
    where
        (
            s1_0.is_deleted = false
        ) 
        and s1_0.event_date=? 
        and s1_0.event_time between ? and ?
Hibernate: 
    select
        s1_0.id,
        s1_0.created_at,
        s1_0.created_by,
        s1_0.description,
        s1_0.event_date,
        s1_0.event_time,
        s1_0.is_deleted,
        s1_0.location,
        s1_0.room_id,
        s1_0.title 
    from
        schedules s1_0 
    where
        (
            s1_0.is_deleted = false
        ) 
        and s1_0.event_date=? 
        and s1_0.event_time between ? and ?
Hibernate: 
    select
        s1_0.id,
        s1_0.created_at,
        s1_0.created_by,
        s1_0.description,
        s1_0.event_date,
        s1_0.event_time,
        s1_0.is_deleted,
        s1_0.location,
        s1_0.room_id,
        s1_0.title 
    from
        schedules s1_0 
    where
        (
            s1_0.is_deleted = false
        ) 
        and s1_0.event_date=? 
        and s1_0.event_time between ? and ?
Hibernate: 
    select
        s1_0.id,
        s1_0.created_at,
        s1_0.created_by,
        s1_0.description,
        s1_0.event_date,
        s1_0.event_time,
        s1_0.is_deleted,
        s1_0.location,
        s1_0.room_id,
        s1_0.title 
    from
        schedules s1_0 
    where
        (
            s1_0.is_deleted = false
        ) 
        and s1_0.event_date=? 
        and s1_0.event_time between ? and ?
Hibernate: 
    select
        s1_0.id,
        s1_0.created_at,
        s1_0.created_by,
        s1_0.description,
        s1_0.event_date,
        s1_0.event_time,
        s1_0.is_deleted,
        s1_0.location,
        s1_0.room_id,
        s1_0.title 
    from
        schedules s1_0 
    where
        (
            s1_0.is_deleted = false
        ) 
        and s1_0.event_date=? 
        and s1_0.event_time between ? and ?
Hibernate: 
    select
        s1_0.id,
        s1_0.created_at,
        s1_0.created_by,
        s1_0.description,
        s1_0.event_date,
        s1_0.event_time,
        s1_0.is_deleted,
        s1_0.location,
        s1_0.room_id,
        s1_0.title 
    from
        schedules s1_0 
    where
        (
            s1_0.is_deleted = false
        ) 
        and s1_0.event_date=? 
        and s1_0.event_time between ? and ?
Hibernate: 
    select
        s1_0.id,
        s1_0.created_at,
        s1_0.created_by,
        s1_0.description,
        s1_0.event_date,
        s1_0.event_time,
        s1_0.is_deleted,
        s1_0.location,
        s1_0.room_id,
        s1_0.title 
    from
        schedules s1_0 
    where
        (
            s1_0.is_deleted = false
        ) 
        and s1_0.event_date=? 
        and s1_0.event_time between ? and ?
Hibernate: 
    select
        s1_0.id,
        s1_0.created_at,
        s1_0.created_by,
        s1_0.description,
        s1_0.event_date,
        s1_0.event_time,
        s1_0.is_deleted,
        s1_0.location,
        s1_0.room_id,
        s1_0.title 
    from
        schedules s1_0 
    where
        (
            s1_0.is_deleted = false
        ) 
        and s1_0.event_date=? 
        and s1_0.event_time between ? and ?
Hibernate: 
    select
        s1_0.id,
        s1_0.created_at,
        s1_0.created_by,
        s1_0.description,
        s1_0.event_date,
        s1_0.event_time,
        s1_0.is_deleted,
        s1_0.location,
        s1_0.room_id,
        s1_0.title 
    from
        schedules s1_0 
    where
        (
            s1_0.is_deleted = false
        ) 
        and s1_0.event_date=? 
        and s1_0.event_time between ? and ?
Hibernate: 
    select
        s1_0.id,
        s1_0.created_at,
        s1_0.created_by,
        s1_0.description,
        s1_0.event_date,
        s1_0.event_time,
        s1_0.is_deleted,
        s1_0.location,
        s1_0.room_id,
        s1_0.title 
    from
        schedules s1_0 
    where
        (
            s1_0.is_deleted = false
        ) 
        and s1_0.event_date=? 
        and s1_0.event_time between ? and ?
Hibernate: 
    select
        s1_0.id,
        s1_0.created_at,
        s1_0.created_by,
        s1_0.description,
        s1_0.event_date,
        s1_0.event_time,
        s1_0.is_deleted,
        s1_0.location,
        s1_0.room_id,
        s1_0.title 
    from
        schedules s1_0 
    where
        (
            s1_0.is_deleted = false
        ) 
        and s1_0.event_date=? 
        and s1_0.event_time between ? and ?
Hibernate: 
    select
        s1_0.id,
        s1_0.created_at,
        s1_0.created_by,
        s1_0.description,
        s1_0.event_date,
        s1_0.event_time,
        s1_0.is_deleted,
        s1_0.location,
        s1_0.room_id,
        s1_0.title 
    from
        schedules s1_0 
    where
        (
            s1_0.is_deleted = false
        ) 
        and s1_0.event_date=? 
        and s1_0.event_time between ? and ?
Hibernate: 
    select
        s1_0.id,
        s1_0.created_at,
        s1_0.created_by,
        s1_0.description,
        s1_0.event_date,
        s1_0.event_time,
        s1_0.is_deleted,
        s1_0.location,
        s1_0.room_id,
        s1_0.title 
    from
        schedules s1_0 
    where
        (
            s1_0.is_deleted = false
        ) 
        and s1_0.event_date=? 
        and s1_0.event_time between ? and ?
Hibernate: 
    select
        s1_0.id,
        s1_0.created_at,
        s1_0.created_by,
        s1_0.description,
        s1_0.event_date,
        s1_0.event_time,
        s1_0.is_deleted,
        s1_0.location,
        s1_0.room_id,
        s1_0.title 
    from
        schedules s1_0 
    where
        (
            s1_0.is_deleted = false
        ) 
        and s1_0.event_date=? 
        and s1_0.event_time between ? and ?
Hibernate: 
    select
        s1_0.id,
        s1_0.created_at,
        s1_0.created_by,
        s1_0.description,
        s1_0.event_date,
        s1_0.event_time,
        s1_0.is_deleted,
        s1_0.location,
        s1_0.room_id,
        s1_0.title 
    from
        schedules s1_0 
    where
        (
            s1_0.is_deleted = false
        ) 
        and s1_0.event_date=? 
        and s1_0.event_time between ? and ?
Hibernate: 
    select
        s1_0.id,
        s1_0.created_at,
        s1_0.created_by,
        s1_0.description,
        s1_0.event_date,
        s1_0.event_time,
        s1_0.is_deleted,
        s1_0.location,
        s1_0.room_id,
        s1_0.title 
    from
        schedules s1_0 
    where
        (
            s1_0.is_deleted = false
        ) 
        and s1_0.event_date=? 
        and s1_0.event_time between ? and ?
Hibernate: 
    select
        s1_0.id,
        s1_0.created_at,
        s1_0.created_by,
        s1_0.description,
        s1_0.event_date,
        s1_0.event_time,
        s1_0.is_deleted,
        s1_0.location,
        s1_0.room_id,
        s1_0.title 
    from
        schedules s1_0 
    where
        (
            s1_0.is_deleted = false
        ) 
        and s1_0.event_date=? 
        and s1_0.event_time between ? and ?
Hibernate: 
    select
        s1_0.id,
        s1_0.created_at,
        s1_0.created_by,
        s1_0.description,
        s1_0.event_date,
        s1_0.event_time,
        s1_0.is_deleted,
        s1_0.location,
        s1_0.room_id,
        s1_0.title 
    from
        schedules s1_0 
    where
        (
            s1_0.is_deleted = false
        ) 
        and s1_0.event_date=? 
        and s1_0.event_time between ? and ?
Hibernate: 
    select
        s1_0.id,
        s1_0.created_at,
        s1_0.created_by,
        s1_0.description,
        s1_0.event_date,
        s1_0.event_time,
        s1_0.is_deleted,
        s1_0.location,
        s1_0.room_id,
        s1_0.title 
    from
        schedules s1_0 
    where
        (
            s1_0.is_deleted = false
        ) 
        and s1_0.event_date=? 
        and s1_0.event_time between ? and ?
Hibernate: 
    select
        s1_0.id,
        s1_0.created_at,
        s1_0.created_by,
        s1_0.description,
        s1_0.event_date,
        s1_0.event_time,
        s1_0.is_deleted,
        s1_0.location,
        s1_0.room_id,
        s1_0.title 
    from
        schedules s1_0 
    where
        (
            s1_0.is_deleted = false
        ) 
        and s1_0.event_date=? 
        and s1_0.event_time between ? and ?
Hibernate: 
    select
        s1_0.id,
        s1_0.created_at,
        s1_0.created_by,
        s1_0.description,
        s1_0.event_date,
        s1_0.event_time,
        s1_0.is_deleted,
        s1_0.location,
        s1_0.room_id,
        s1_0.title 
    from
        schedules s1_0 
    where
        (
            s1_0.is_deleted = false
        ) 
        and s1_0.event_date=? 
        and s1_0.event_time between ? and ?
Hibernate: 
    select
        s1_0.id,
        s1_0.created_at,
        s1_0.created_by,
        s1_0.description,
        s1_0.event_date,
        s1_0.event_time,
        s1_0.is_deleted,
        s1_0.location,
        s1_0.room_id,
        s1_0.title 
    from
        schedules s1_0 
    where
        (
            s1_0.is_deleted = false
        ) 
        and s1_0.event_date=? 
        and s1_0.event_time between ? and ?
Hibernate: 
    select
        s1_0.id,
        s1_0.created_at,
        s1_0.created_by,
        s1_0.description,
        s1_0.event_date,
        s1_0.event_time,
        s1_0.is_deleted,
        s1_0.location,
        s1_0.room_id,
        s1_0.title 
    from
        schedules s1_0 
    where
        (
            s1_0.is_deleted = false
        ) 
        and s1_0.event_date=? 
        and s1_0.event_time between ? and ?
Hibernate: 
    select
        s1_0.id,
        s1_0.created_at,
        s1_0.created_by,
        s1_0.description,
        s1_0.event_date,
        s1_0.event_time,
        s1_0.is_deleted,
        s1_0.location,
        s1_0.room_id,
        s1_0.title 
    from
        schedules s1_0 
    where
        (
            s1_0.is_deleted = false
        ) 
        and s1_0.event_date=? 
        and s1_0.event_time between ? and ?
Hibernate: 
    select
        s1_0.id,
        s1_0.created_at,
        s1_0.created_by,
        s1_0.description,
        s1_0.event_date,
        s1_0.event_time,
        s1_0.is_deleted,
        s1_0.location,
        s1_0.room_id,
        s1_0.title 
    from
        schedules s1_0 
    where
        (
            s1_0.is_deleted = false
        ) 
        and s1_0.event_date=? 
        and s1_0.event_time between ? and ?
Hibernate: 
    select
        s1_0.id,
        s1_0.created_at,
        s1_0.created_by,
        s1_0.description,
        s1_0.event_date,
        s1_0.event_time,
        s1_0.is_deleted,
        s1_0.location,
        s1_0.room_id,
        s1_0.title 
    from
        schedules s1_0 
    where
        (
            s1_0.is_deleted = false
        ) 
        and s1_0.event_date=? 
        and s1_0.event_time between ? and ?
Hibernate: 
    select
        s1_0.id,
        s1_0.created_at,
        s1_0.created_by,
        s1_0.description,
        s1_0.event_date,
        s1_0.event_time,
        s1_0.is_deleted,
        s1_0.location,
        s1_0.room_id,
        s1_0.title 
    from
        schedules s1_0 
    where
        (
            s1_0.is_deleted = false
        ) 
        and s1_0.event_date=? 
        and s1_0.event_time between ? and ?
Hibernate: 
    select
        s1_0.id,
        s1_0.created_at,
        s1_0.created_by,
        s1_0.description,
        s1_0.event_date,
        s1_0.event_time,
        s1_0.is_deleted,
        s1_0.location,
        s1_0.room_id,
        s1_0.title 
    from
        schedules s1_0 
    where
        (
            s1_0.is_deleted = false
        ) 
        and s1_0.event_date=? 
        and s1_0.event_time between ? and ?
Hibernate: 
    select
        s1_0.id,
        s1_0.created_at,
        s1_0.created_by,
        s1_0.description,
        s1_0.event_date,
        s1_0.event_time,
        s1_0.is_deleted,
        s1_0.location,
        s1_0.room_id,
        s1_0.title 
    from
        schedules s1_0 
    where
        (
            s1_0.is_deleted = false
        ) 
        and s1_0.event_date=? 
        and s1_0.event_time between ? and ?
2026-05-09T06:26:54.969+09:00  INFO 16352 --- [moim-backend] [nio-8080-exec-1] o.a.c.c.C.[Tomcat].[localhost].[/]       : Initializing Spring DispatcherServlet 'dispatcherServlet'
2026-05-09T06:26:54.969+09:00  INFO 16352 --- [moim-backend] [nio-8080-exec-1] o.s.web.servlet.DispatcherServlet        : Initializing Servlet 'dispatcherServlet'
2026-05-09T06:26:54.970+09:00  INFO 16352 --- [moim-backend] [nio-8080-exec-1] o.s.web.servlet.DispatcherServlet        : Completed initialization in 1 ms
Hibernate: 
    select
        s1_0.id,
        s1_0.created_at,
        s1_0.created_by,
        s1_0.description,
        s1_0.event_date,
        s1_0.event_time,
        s1_0.is_deleted,
        s1_0.location,
        s1_0.room_id,
        s1_0.title 
    from
        schedules s1_0 
    where
        (
            s1_0.is_deleted = false
        ) 
        and s1_0.event_date=? 
        and s1_0.event_time between ? and ?
Hibernate: 
    select
        s1_0.id,
        s1_0.created_at,
        s1_0.created_by,
        s1_0.description,
        s1_0.event_date,
        s1_0.event_time,
        s1_0.is_deleted,
        s1_0.location,
        s1_0.room_id,
        s1_0.title 
    from
        schedules s1_0 
    where
        (
            s1_0.is_deleted = false
        ) 
        and s1_0.event_date=? 
        and s1_0.event_time between ? and ?
Hibernate: 
    select
        s1_0.id,
        s1_0.created_at,
        s1_0.created_by,
        s1_0.description,
        s1_0.event_date,
        s1_0.event_time,
        s1_0.is_deleted,
        s1_0.location,
        s1_0.room_id,
        s1_0.title 
    from
        schedules s1_0 
    where
        (
            s1_0.is_deleted = false
        ) 
        and s1_0.event_date=? 
        and s1_0.event_time between ? and ?
Hibernate: 
    select
        s1_0.id,
        s1_0.created_at,
        s1_0.created_by,
        s1_0.description,
        s1_0.event_date,
        s1_0.event_time,
        s1_0.is_deleted,
        s1_0.location,
        s1_0.room_id,
        s1_0.title 
    from
        schedules s1_0 
    where
        (
            s1_0.is_deleted = false
        ) 
        and s1_0.event_date=? 
        and s1_0.event_time between ? and ?
Hibernate: 
    select
        s1_0.id,
        s1_0.created_at,
        s1_0.created_by,
        s1_0.description,
        s1_0.event_date,
        s1_0.event_time,
        s1_0.is_deleted,
        s1_0.location,
        s1_0.room_id,
        s1_0.title 
    from
        schedules s1_0 
    where
        (
            s1_0.is_deleted = false
        ) 
        and s1_0.event_date=? 
        and s1_0.event_time between ? and ?
Hibernate: 
    select
        s1_0.id,
        s1_0.created_at,
        s1_0.created_by,
        s1_0.description,
        s1_0.event_date,
        s1_0.event_time,
        s1_0.is_deleted,
        s1_0.location,
        s1_0.room_id,
        s1_0.title 
    from
        schedules s1_0 
    where
        (
            s1_0.is_deleted = false
        ) 
        and s1_0.event_date=? 
        and s1_0.event_time between ? and ?
Hibernate: 
    select
        s1_0.id,
        s1_0.created_at,
        s1_0.created_by,
        s1_0.description,
        s1_0.event_date,
        s1_0.event_time,
        s1_0.is_deleted,
        s1_0.location,
        s1_0.room_id,
        s1_0.title 
    from
        schedules s1_0 
    where
        (
            s1_0.is_deleted = false
        ) 
        and s1_0.event_date=? 
        and s1_0.event_time between ? and ?
Hibernate: 
    select
        s1_0.id,
        s1_0.created_at,
        s1_0.created_by,
        s1_0.description,
        s1_0.event_date,
        s1_0.event_time,
        s1_0.is_deleted,
        s1_0.location,
        s1_0.room_id,
        s1_0.title 
    from
        schedules s1_0 
    where
        (
            s1_0.is_deleted = false
        ) 
        and s1_0.event_date=? 
        and s1_0.event_time between ? and ?
Hibernate: 
    select
        u1_0.id,
        u1_0.alert1h,
        u1_0.alert3h,
        u1_0.alert_day,
        u1_0.created_at,
        u1_0.email,
        u1_0.email_notification_enabled,
        u1_0.failed_login_attempts,
        u1_0.is_deleted,
        u1_0.lock_until,
        u1_0.nickname,
        u1_0.nickname_set,
        u1_0.password,
        u1_0.profile_image,
        u1_0.provider,
        u1_0.provider_id,
        u1_0.push_enabled,
        u1_0.role 
    from
        users u1_0 
    where
        (
            u1_0.is_deleted = false
        ) 
        and u1_0.email=?
Hibernate: 
    select
        u1_0.id,
        u1_0.alert1h,
        u1_0.alert3h,
        u1_0.alert_day,
        u1_0.created_at,
        u1_0.email,
        u1_0.email_notification_enabled,
        u1_0.failed_login_attempts,
        u1_0.is_deleted,
        u1_0.lock_until,
        u1_0.nickname,
        u1_0.nickname_set,
        u1_0.password,
        u1_0.profile_image,
        u1_0.provider,
        u1_0.provider_id,
        u1_0.push_enabled,
        u1_0.role 
    from
        users u1_0 
    where
        u1_0.id=? 
        and (
            u1_0.is_deleted = false
        )
Hibernate: 
    select
        u1_0.id,
        u1_0.alert1h,
        u1_0.alert3h,
        u1_0.alert_day,
        u1_0.created_at,
        u1_0.email,
        u1_0.email_notification_enabled,
        u1_0.failed_login_attempts,
        u1_0.is_deleted,
        u1_0.lock_until,
        u1_0.nickname,
        u1_0.nickname_set,
        u1_0.password,
        u1_0.profile_image,
        u1_0.provider,
        u1_0.provider_id,
        u1_0.push_enabled,
        u1_0.role 
    from
        users u1_0 
    where
        u1_0.id=? 
        and (
            u1_0.is_deleted = false
        )
Hibernate: 
    select
        u1_0.id,
        u1_0.alert1h,
        u1_0.alert3h,
        u1_0.alert_day,
        u1_0.created_at,
        u1_0.email,
        u1_0.email_notification_enabled,
        u1_0.failed_login_attempts,
        u1_0.is_deleted,
        u1_0.lock_until,
        u1_0.nickname,
        u1_0.nickname_set,
        u1_0.password,
        u1_0.profile_image,
        u1_0.provider,
        u1_0.provider_id,
        u1_0.push_enabled,
        u1_0.role 
    from
        users u1_0 
    where
        u1_0.id=? 
        and (
            u1_0.is_deleted = false
        )
Hibernate: 
    select
        rm1_0.id,
        rm1_0.is_deleted,
        rm1_0.joined_at,
        rm1_0.role,
        rm1_0.room_id,
        rm1_0.status,
        rm1_0.user_id 
    from
        room_members rm1_0 
    where
        (
            rm1_0.is_deleted = false
        ) 
        and rm1_0.user_id=?
Hibernate: 
    select
        r1_0.id,
        r1_0.created_at,
        r1_0.description,
        r1_0.is_deleted,
        r1_0.name,
        r1_0.owner_id 
    from
        rooms r1_0 
    where
        r1_0.id=? 
        and (
            r1_0.is_deleted = false
        )
Hibernate: 
    select
        a1_0.id,
        a1_0.active,
        a1_0.content,
        a1_0.created_at,
        a1_0.updated_at 
    from
        announcements a1_0 
    where
        a1_0.active 
    order by
        a1_0.created_at desc 
    fetch
        first ? rows only
Hibernate: 
    select
        rm1_0.id,
        rm1_0.is_deleted,
        rm1_0.joined_at,
        rm1_0.role,
        rm1_0.room_id,
        rm1_0.status,
        rm1_0.user_id 
    from
        room_members rm1_0 
    where
        (
            rm1_0.is_deleted = false
        ) 
        and rm1_0.room_id=?
Hibernate: 
    select
        u1_0.id,
        u1_0.alert1h,
        u1_0.alert3h,
        u1_0.alert_day,
        u1_0.created_at,
        u1_0.email,
        u1_0.email_notification_enabled,
        u1_0.failed_login_attempts,
        u1_0.is_deleted,
        u1_0.lock_until,
        u1_0.nickname,
        u1_0.nickname_set,
        u1_0.password,
        u1_0.profile_image,
        u1_0.provider,
        u1_0.provider_id,
        u1_0.push_enabled,
        u1_0.role 
    from
        users u1_0 
    where
        u1_0.id=? 
        and (
            u1_0.is_deleted = false
        )
Hibernate: 
    select
        u1_0.id,
        u1_0.alert1h,
        u1_0.alert3h,
        u1_0.alert_day,
        u1_0.created_at,
        u1_0.email,
        u1_0.email_notification_enabled,
        u1_0.failed_login_attempts,
        u1_0.is_deleted,
        u1_0.lock_until,
        u1_0.nickname,
        u1_0.nickname_set,
        u1_0.password,
        u1_0.profile_image,
        u1_0.provider,
        u1_0.provider_id,
        u1_0.push_enabled,
        u1_0.role 
    from
        users u1_0 
    where
        u1_0.id=? 
        and (
            u1_0.is_deleted = false
        )
Hibernate: 
    select
        a1_0.id,
        a1_0.active,
        a1_0.content,
        a1_0.created_at,
        a1_0.updated_at 
    from
        announcements a1_0 
    where
        a1_0.active 
    order by
        a1_0.created_at desc 
    fetch
        first ? rows only
Hibernate: 
    select
        rm1_0.id,
        rm1_0.is_deleted,
        rm1_0.joined_at,
        rm1_0.role,
        rm1_0.room_id,
        rm1_0.status,
        rm1_0.user_id 
    from
        room_members rm1_0 
    where
        (
            rm1_0.is_deleted = false
        ) 
        and rm1_0.user_id=?
Hibernate: 
    select
        r1_0.id,
        r1_0.created_at,
        r1_0.description,
        r1_0.is_deleted,
        r1_0.name,
        r1_0.owner_id 
    from
        rooms r1_0 
    where
        r1_0.id=? 
        and (
            r1_0.is_deleted = false
        )
Hibernate: 
    select
        rm1_0.id,
        rm1_0.is_deleted,
        rm1_0.joined_at,
        rm1_0.role,
        rm1_0.room_id,
        rm1_0.status,
        rm1_0.user_id 
    from
        room_members rm1_0 
    where
        (
            rm1_0.is_deleted = false
        ) 
        and rm1_0.room_id=?
Hibernate: 
    select
        u1_0.id,
        u1_0.alert1h,
        u1_0.alert3h,
        u1_0.alert_day,
        u1_0.created_at,
        u1_0.email,
        u1_0.email_notification_enabled,
        u1_0.failed_login_attempts,
        u1_0.is_deleted,
        u1_0.lock_until,
        u1_0.nickname,
        u1_0.nickname_set,
        u1_0.password,
        u1_0.profile_image,
        u1_0.provider,
        u1_0.provider_id,
        u1_0.push_enabled,
        u1_0.role 
    from
        users u1_0 
    where
        u1_0.id=? 
        and (
            u1_0.is_deleted = false
        )
Hibernate: 
    select
        s1_0.id,
        s1_0.created_at,
        s1_0.created_by,
        s1_0.description,
        s1_0.event_date,
        s1_0.event_time,
        s1_0.is_deleted,
        s1_0.location,
        s1_0.room_id,
        s1_0.title 
    from
        schedules s1_0 
    where
        (
            s1_0.is_deleted = false
        ) 
        and s1_0.room_id=? 
    order by
        s1_0.event_date
Hibernate: 
    select
        u1_0.id,
        u1_0.alert1h,
        u1_0.alert3h,
        u1_0.alert_day,
        u1_0.created_at,
        u1_0.email,
        u1_0.email_notification_enabled,
        u1_0.failed_login_attempts,
        u1_0.is_deleted,
        u1_0.lock_until,
        u1_0.nickname,
        u1_0.nickname_set,
        u1_0.password,
        u1_0.profile_image,
        u1_0.provider,
        u1_0.provider_id,
        u1_0.push_enabled,
        u1_0.role 
    from
        users u1_0 
    where
        u1_0.id=? 
        and (
            u1_0.is_deleted = false
        )
Hibernate: 
    select
        s1_0.id,
        s1_0.created_at,
        s1_0.created_by,
        s1_0.description,
        s1_0.event_date,
        s1_0.event_time,
        s1_0.is_deleted,
        s1_0.location,
        s1_0.room_id,
        s1_0.title 
    from
        schedules s1_0 
    where
        (
            s1_0.is_deleted = false
        ) 
        and s1_0.room_id=? 
    order by
        s1_0.event_date
Hibernate: 
    select
        u1_0.id,
        u1_0.alert1h,
        u1_0.alert3h,
        u1_0.alert_day,
        u1_0.created_at,
        u1_0.email,
        u1_0.email_notification_enabled,
        u1_0.failed_login_attempts,
        u1_0.is_deleted,
        u1_0.lock_until,
        u1_0.nickname,
        u1_0.nickname_set,
        u1_0.password,
        u1_0.profile_image,
        u1_0.provider,
        u1_0.provider_id,
        u1_0.push_enabled,
        u1_0.role 
    from
        users u1_0 
    where
        u1_0.id=? 
        and (
            u1_0.is_deleted = false
        )
Hibernate: 
    select
        u1_0.id,
        u1_0.alert1h,
        u1_0.alert3h,
        u1_0.alert_day,
        u1_0.created_at,
        u1_0.email,
        u1_0.email_notification_enabled,
        u1_0.failed_login_attempts,
        u1_0.is_deleted,
        u1_0.lock_until,
        u1_0.nickname,
        u1_0.nickname_set,
        u1_0.password,
        u1_0.profile_image,
        u1_0.provider,
        u1_0.provider_id,
        u1_0.push_enabled,
        u1_0.role 
    from
        users u1_0 
    where
        u1_0.id=? 
        and (
            u1_0.is_deleted = false
        )
Hibernate: 
    select
        u1_0.id,
        u1_0.alert1h,
        u1_0.alert3h,
        u1_0.alert_day,
        u1_0.created_at,
        u1_0.email,
        u1_0.email_notification_enabled,
        u1_0.failed_login_attempts,
        u1_0.is_deleted,
        u1_0.lock_until,
        u1_0.nickname,
        u1_0.nickname_set,
        u1_0.password,
        u1_0.profile_image,
        u1_0.provider,
        u1_0.provider_id,
        u1_0.push_enabled,
        u1_0.role 
    from
        users u1_0 
    where
        u1_0.id=? 
        and (
            u1_0.is_deleted = false
        )
Hibernate: 
    select
        u1_0.id,
        u1_0.alert1h,
        u1_0.alert3h,
        u1_0.alert_day,
        u1_0.created_at,
        u1_0.email,
        u1_0.email_notification_enabled,
        u1_0.failed_login_attempts,
        u1_0.is_deleted,
        u1_0.lock_until,
        u1_0.nickname,
        u1_0.nickname_set,
        u1_0.password,
        u1_0.profile_image,
        u1_0.provider,
        u1_0.provider_id,
        u1_0.push_enabled,
        u1_0.role 
    from
        users u1_0 
    where
        u1_0.id=? 
        and (
            u1_0.is_deleted = false
        )
Hibernate: 
    select
        a1_0.id,
        a1_0.active,
        a1_0.content,
        a1_0.created_at,
        a1_0.updated_at 
    from
        announcements a1_0 
    where
        a1_0.active 
    order by
        a1_0.created_at desc 
    fetch
        first ? rows only
Hibernate: 
    select
        rm1_0.id,
        rm1_0.is_deleted,
        rm1_0.joined_at,
        rm1_0.role,
        rm1_0.room_id,
        rm1_0.status,
        rm1_0.user_id 
    from
        room_members rm1_0 
    where
        (
            rm1_0.is_deleted = false
        ) 
        and rm1_0.user_id=?
Hibernate: 
    select
        r1_0.id,
        r1_0.created_at,
        r1_0.description,
        r1_0.is_deleted,
        r1_0.name,
        r1_0.owner_id 
    from
        rooms r1_0 
    where
        r1_0.id=? 
        and (
            r1_0.is_deleted = false
        )
Hibernate: 
    select
        u1_0.id,
        u1_0.alert1h,
        u1_0.alert3h,
        u1_0.alert_day,
        u1_0.created_at,
        u1_0.email,
        u1_0.email_notification_enabled,
        u1_0.failed_login_attempts,
        u1_0.is_deleted,
        u1_0.lock_until,
        u1_0.nickname,
        u1_0.nickname_set,
        u1_0.password,
        u1_0.profile_image,
        u1_0.provider,
        u1_0.provider_id,
        u1_0.push_enabled,
        u1_0.role 
    from
        users u1_0 
    where
        u1_0.id=? 
        and (
            u1_0.is_deleted = false
        )
Hibernate: 
    select
        rm1_0.id,
        rm1_0.is_deleted,
        rm1_0.joined_at,
        rm1_0.role,
        rm1_0.room_id,
        rm1_0.status,
        rm1_0.user_id 
    from
        room_members rm1_0 
    where
        (
            rm1_0.is_deleted = false
        ) 
        and rm1_0.room_id=?
Hibernate: 
    select
        a1_0.id,
        a1_0.active,
        a1_0.content,
        a1_0.created_at,
        a1_0.updated_at 
    from
        announcements a1_0 
    where
        a1_0.active 
    order by
        a1_0.created_at desc 
    fetch
        first ? rows only
Hibernate: 
    select
        u1_0.id,
        u1_0.alert1h,
        u1_0.alert3h,
        u1_0.alert_day,
        u1_0.created_at,
        u1_0.email,
        u1_0.email_notification_enabled,
        u1_0.failed_login_attempts,
        u1_0.is_deleted,
        u1_0.lock_until,
        u1_0.nickname,
        u1_0.nickname_set,
        u1_0.password,
        u1_0.profile_image,
        u1_0.provider,
        u1_0.provider_id,
        u1_0.push_enabled,
        u1_0.role 
    from
        users u1_0 
    where
        u1_0.id=? 
        and (
            u1_0.is_deleted = false
        )
Hibernate: 
    select
        rm1_0.id,
        rm1_0.is_deleted,
        rm1_0.joined_at,
        rm1_0.role,
        rm1_0.room_id,
        rm1_0.status,
        rm1_0.user_id 
    from
        room_members rm1_0 
    where
        (
            rm1_0.is_deleted = false
        ) 
        and rm1_0.user_id=?
Hibernate: 
    select
        r1_0.id,
        r1_0.created_at,
        r1_0.description,
        r1_0.is_deleted,
        r1_0.name,
        r1_0.owner_id 
    from
        rooms r1_0 
    where
        r1_0.id=? 
        and (
            r1_0.is_deleted = false
        )
Hibernate: 
    select
        u1_0.id,
        u1_0.alert1h,
        u1_0.alert3h,
        u1_0.alert_day,
        u1_0.created_at,
        u1_0.email,
        u1_0.email_notification_enabled,
        u1_0.failed_login_attempts,
        u1_0.is_deleted,
        u1_0.lock_until,
        u1_0.nickname,
        u1_0.nickname_set,
        u1_0.password,
        u1_0.profile_image,
        u1_0.provider,
        u1_0.provider_id,
        u1_0.push_enabled,
        u1_0.role 
    from
        users u1_0 
    where
        u1_0.id=? 
        and (
            u1_0.is_deleted = false
        )
Hibernate: 
    select
        rm1_0.id,
        rm1_0.is_deleted,
        rm1_0.joined_at,
        rm1_0.role,
        rm1_0.room_id,
        rm1_0.status,
        rm1_0.user_id 
    from
        room_members rm1_0 
    where
        (
            rm1_0.is_deleted = false
        ) 
        and rm1_0.room_id=?
Hibernate: 
    select
        s1_0.id,
        s1_0.created_at,
        s1_0.created_by,
        s1_0.description,
        s1_0.event_date,
        s1_0.event_time,
        s1_0.is_deleted,
        s1_0.location,
        s1_0.room_id,
        s1_0.title 
    from
        schedules s1_0 
    where
        (
            s1_0.is_deleted = false
        ) 
        and s1_0.room_id=? 
    order by
        s1_0.event_date
Hibernate: 
    select
        u1_0.id,
        u1_0.alert1h,
        u1_0.alert3h,
        u1_0.alert_day,
        u1_0.created_at,
        u1_0.email,
        u1_0.email_notification_enabled,
        u1_0.failed_login_attempts,
        u1_0.is_deleted,
        u1_0.lock_until,
        u1_0.nickname,
        u1_0.nickname_set,
        u1_0.password,
        u1_0.profile_image,
        u1_0.provider,
        u1_0.provider_id,
        u1_0.push_enabled,
        u1_0.role 
    from
        users u1_0 
    where
        u1_0.id=? 
        and (
            u1_0.is_deleted = false
        )
Hibernate: 
    select
        s1_0.id,
        s1_0.created_at,
        s1_0.created_by,
        s1_0.description,
        s1_0.event_date,
        s1_0.event_time,
        s1_0.is_deleted,
        s1_0.location,
        s1_0.room_id,
        s1_0.title 
    from
        schedules s1_0 
    where
        (
            s1_0.is_deleted = false
        ) 
        and s1_0.room_id=? 
    order by
        s1_0.event_date
Hibernate: 
    select
        s1_0.id,
        s1_0.created_at,
        s1_0.created_by,
        s1_0.description,
        s1_0.event_date,
        s1_0.event_time,
        s1_0.is_deleted,
        s1_0.location,
        s1_0.room_id,
        s1_0.title 
    from
        schedules s1_0 
    where
        (
            s1_0.is_deleted = false
        ) 
        and s1_0.event_date=? 
        and s1_0.event_time between ? and ?
Hibernate: 
    select
        s1_0.id,
        s1_0.created_at,
        s1_0.created_by,
        s1_0.description,
        s1_0.event_date,
        s1_0.event_time,
        s1_0.is_deleted,
        s1_0.location,
        s1_0.room_id,
        s1_0.title 
    from
        schedules s1_0 
    where
        (
            s1_0.is_deleted = false
        ) 
        and s1_0.event_date=? 
        and s1_0.event_time between ? and ?
Hibernate: 
    select
        u1_0.id,
        u1_0.alert1h,
        u1_0.alert3h,
        u1_0.alert_day,
        u1_0.created_at,
        u1_0.email,
        u1_0.email_notification_enabled,
        u1_0.failed_login_attempts,
        u1_0.is_deleted,
        u1_0.lock_until,
        u1_0.nickname,
        u1_0.nickname_set,
        u1_0.password,
        u1_0.profile_image,
        u1_0.provider,
        u1_0.provider_id,
        u1_0.push_enabled,
        u1_0.role 
    from
        users u1_0 
    where
        u1_0.id=? 
        and (
            u1_0.is_deleted = false
        )
Hibernate: 
    select
        u1_0.id,
        u1_0.alert1h,
        u1_0.alert3h,
        u1_0.alert_day,
        u1_0.created_at,
        u1_0.email,
        u1_0.email_notification_enabled,
        u1_0.failed_login_attempts,
        u1_0.is_deleted,
        u1_0.lock_until,
        u1_0.nickname,
        u1_0.nickname_set,
        u1_0.password,
        u1_0.profile_image,
        u1_0.provider,
        u1_0.provider_id,
        u1_0.push_enabled,
        u1_0.role 
    from
        users u1_0 
    where
        u1_0.id=? 
        and (
            u1_0.is_deleted = false
        )
Hibernate: 
    select
        u1_0.id,
        u1_0.alert1h,
        u1_0.alert3h,
        u1_0.alert_day,
        u1_0.created_at,
        u1_0.email,
        u1_0.email_notification_enabled,
        u1_0.failed_login_attempts,
        u1_0.is_deleted,
        u1_0.lock_until,
        u1_0.nickname,
        u1_0.nickname_set,
        u1_0.password,
        u1_0.profile_image,
        u1_0.provider,
        u1_0.provider_id,
        u1_0.push_enabled,
        u1_0.role 
    from
        users u1_0 
    where
        u1_0.id=? 
        and (
            u1_0.is_deleted = false
        )
Hibernate: 
    select
        u1_0.id,
        u1_0.alert1h,
        u1_0.alert3h,
        u1_0.alert_day,
        u1_0.created_at,
        u1_0.email,
        u1_0.email_notification_enabled,
        u1_0.failed_login_attempts,
        u1_0.is_deleted,
        u1_0.lock_until,
        u1_0.nickname,
        u1_0.nickname_set,
        u1_0.password,
        u1_0.profile_image,
        u1_0.provider,
        u1_0.provider_id,
        u1_0.push_enabled,
        u1_0.role 
    from
        users u1_0 
    where
        u1_0.id=? 
        and (
            u1_0.is_deleted = false
        )
Hibernate: 
    select
        rm1_0.id,
        rm1_0.is_deleted,
        rm1_0.joined_at,
        rm1_0.role,
        rm1_0.room_id,
        rm1_0.status,
        rm1_0.user_id 
    from
        room_members rm1_0 
    where
        (
            rm1_0.is_deleted = false
        ) 
        and rm1_0.user_id=?
Hibernate: 
    select
        a1_0.id,
        a1_0.active,
        a1_0.content,
        a1_0.created_at,
        a1_0.updated_at 
    from
        announcements a1_0 
    where
        a1_0.active 
    order by
        a1_0.created_at desc 
    fetch
        first ? rows only
Hibernate: 
    select
        r1_0.id,
        r1_0.created_at,
        r1_0.description,
        r1_0.is_deleted,
        r1_0.name,
        r1_0.owner_id 
    from
        rooms r1_0 
    where
        r1_0.id=? 
        and (
            r1_0.is_deleted = false
        )
Hibernate: 
    select
        rm1_0.id,
        rm1_0.is_deleted,
        rm1_0.joined_at,
        rm1_0.role,
        rm1_0.room_id,
        rm1_0.status,
        rm1_0.user_id 
    from
        room_members rm1_0 
    where
        (
            rm1_0.is_deleted = false
        ) 
        and rm1_0.room_id=?
Hibernate: 
    select
        u1_0.id,
        u1_0.alert1h,
        u1_0.alert3h,
        u1_0.alert_day,
        u1_0.created_at,
        u1_0.email,
        u1_0.email_notification_enabled,
        u1_0.failed_login_attempts,
        u1_0.is_deleted,
        u1_0.lock_until,
        u1_0.nickname,
        u1_0.nickname_set,
        u1_0.password,
        u1_0.profile_image,
        u1_0.provider,
        u1_0.provider_id,
        u1_0.push_enabled,
        u1_0.role 
    from
        users u1_0 
    where
        u1_0.id=? 
        and (
            u1_0.is_deleted = false
        )
Hibernate: 
    select
        a1_0.id,
        a1_0.active,
        a1_0.content,
        a1_0.created_at,
        a1_0.updated_at 
    from
        announcements a1_0 
    where
        a1_0.active 
    order by
        a1_0.created_at desc 
    fetch
        first ? rows only
Hibernate: 
    select
        u1_0.id,
        u1_0.alert1h,
        u1_0.alert3h,
        u1_0.alert_day,
        u1_0.created_at,
        u1_0.email,
        u1_0.email_notification_enabled,
        u1_0.failed_login_attempts,
        u1_0.is_deleted,
        u1_0.lock_until,
        u1_0.nickname,
        u1_0.nickname_set,
        u1_0.password,
        u1_0.profile_image,
        u1_0.provider,
        u1_0.provider_id,
        u1_0.push_enabled,
        u1_0.role 
    from
        users u1_0 
    where
        u1_0.id=? 
        and (
            u1_0.is_deleted = false
        )
Hibernate: 
    select
        rm1_0.id,
        rm1_0.is_deleted,
        rm1_0.joined_at,
        rm1_0.role,
        rm1_0.room_id,
        rm1_0.status,
        rm1_0.user_id 
    from
        room_members rm1_0 
    where
        (
            rm1_0.is_deleted = false
        ) 
        and rm1_0.user_id=?
Hibernate: 
    select
        r1_0.id,
        r1_0.created_at,
        r1_0.description,
        r1_0.is_deleted,
        r1_0.name,
        r1_0.owner_id 
    from
        rooms r1_0 
    where
        r1_0.id=? 
        and (
            r1_0.is_deleted = false
        )
Hibernate: 
    select
        rm1_0.id,
        rm1_0.is_deleted,
        rm1_0.joined_at,
        rm1_0.role,
        rm1_0.room_id,
        rm1_0.status,
        rm1_0.user_id 
    from
        room_members rm1_0 
    where
        (
            rm1_0.is_deleted = false
        ) 
        and rm1_0.room_id=?
Hibernate: 
    select
        u1_0.id,
        u1_0.alert1h,
        u1_0.alert3h,
        u1_0.alert_day,
        u1_0.created_at,
        u1_0.email,
        u1_0.email_notification_enabled,
        u1_0.failed_login_attempts,
        u1_0.is_deleted,
        u1_0.lock_until,
        u1_0.nickname,
        u1_0.nickname_set,
        u1_0.password,
        u1_0.profile_image,
        u1_0.provider,
        u1_0.provider_id,
        u1_0.push_enabled,
        u1_0.role 
    from
        users u1_0 
    where
        u1_0.id=? 
        and (
            u1_0.is_deleted = false
        )
Hibernate: 
    select
        s1_0.id,
        s1_0.created_at,
        s1_0.created_by,
        s1_0.description,
        s1_0.event_date,
        s1_0.event_time,
        s1_0.is_deleted,
        s1_0.location,
        s1_0.room_id,
        s1_0.title 
    from
        schedules s1_0 
    where
        (
            s1_0.is_deleted = false
        ) 
        and s1_0.room_id=? 
    order by
        s1_0.event_date
Hibernate: 
    select
        u1_0.id,
        u1_0.alert1h,
        u1_0.alert3h,
        u1_0.alert_day,
        u1_0.created_at,
        u1_0.email,
        u1_0.email_notification_enabled,
        u1_0.failed_login_attempts,
        u1_0.is_deleted,
        u1_0.lock_until,
        u1_0.nickname,
        u1_0.nickname_set,
        u1_0.password,
        u1_0.profile_image,
        u1_0.provider,
        u1_0.provider_id,
        u1_0.push_enabled,
        u1_0.role 
    from
        users u1_0 
    where
        u1_0.id=? 
        and (
            u1_0.is_deleted = false
        )
Hibernate: 
    select
        s1_0.id,
        s1_0.created_at,
        s1_0.created_by,
        s1_0.description,
        s1_0.event_date,
        s1_0.event_time,
        s1_0.is_deleted,
        s1_0.location,
        s1_0.room_id,
        s1_0.title 
    from
        schedules s1_0 
    where
        (
            s1_0.is_deleted = false
        ) 
        and s1_0.room_id=? 
    order by
        s1_0.event_date
Hibernate: 
    select
        u1_0.id,
        u1_0.alert1h,
        u1_0.alert3h,
        u1_0.alert_day,
        u1_0.created_at,
        u1_0.email,
        u1_0.email_notification_enabled,
        u1_0.failed_login_attempts,
        u1_0.is_deleted,
        u1_0.lock_until,
        u1_0.nickname,
        u1_0.nickname_set,
        u1_0.password,
        u1_0.profile_image,
        u1_0.provider,
        u1_0.provider_id,
        u1_0.push_enabled,
        u1_0.role 
    from
        users u1_0 
    where
        u1_0.id=? 
        and (
            u1_0.is_deleted = false
        )
Hibernate: 
    select
        u1_0.id,
        u1_0.alert1h,
        u1_0.alert3h,
        u1_0.alert_day,
        u1_0.created_at,
        u1_0.email,
        u1_0.email_notification_enabled,
        u1_0.failed_login_attempts,
        u1_0.is_deleted,
        u1_0.lock_until,
        u1_0.nickname,
        u1_0.nickname_set,
        u1_0.password,
        u1_0.profile_image,
        u1_0.provider,
        u1_0.provider_id,
        u1_0.push_enabled,
        u1_0.role 
    from
        users u1_0 
    where
        u1_0.id=? 
        and (
            u1_0.is_deleted = false
        )
Hibernate: 
    select
        u1_0.id,
        u1_0.alert1h,
        u1_0.alert3h,
        u1_0.alert_day,
        u1_0.created_at,
        u1_0.email,
        u1_0.email_notification_enabled,
        u1_0.failed_login_attempts,
        u1_0.is_deleted,
        u1_0.lock_until,
        u1_0.nickname,
        u1_0.nickname_set,
        u1_0.password,
        u1_0.profile_image,
        u1_0.provider,
        u1_0.provider_id,
        u1_0.push_enabled,
        u1_0.role 
    from
        users u1_0 
    where
        u1_0.id=? 
        and (
            u1_0.is_deleted = false
        )
Hibernate: 
    select
        a1_0.id,
        a1_0.active,
        a1_0.content,
        a1_0.created_at,
        a1_0.updated_at 
    from
        announcements a1_0 
    order by
        a1_0.created_at desc
Hibernate: 
    select
        u1_0.id,
        u1_0.alert1h,
        u1_0.alert3h,
        u1_0.alert_day,
        u1_0.created_at,
        u1_0.email,
        u1_0.email_notification_enabled,
        u1_0.failed_login_attempts,
        u1_0.is_deleted,
        u1_0.lock_until,
        u1_0.nickname,
        u1_0.nickname_set,
        u1_0.password,
        u1_0.profile_image,
        u1_0.provider,
        u1_0.provider_id,
        u1_0.push_enabled,
        u1_0.role 
    from
        users u1_0 
    where
        (
            u1_0.is_deleted = false
        )
Hibernate: 
    select
        r1_0.id,
        r1_0.created_at,
        r1_0.description,
        r1_0.is_deleted,
        r1_0.name,
        r1_0.owner_id 
    from
        rooms r1_0 
    where
        (
            r1_0.is_deleted = false
        )
Hibernate: 
    select
        u1_0.id,
        u1_0.alert1h,
        u1_0.alert3h,
        u1_0.alert_day,
        u1_0.created_at,
        u1_0.email,
        u1_0.email_notification_enabled,
        u1_0.failed_login_attempts,
        u1_0.is_deleted,
        u1_0.lock_until,
        u1_0.nickname,
        u1_0.nickname_set,
        u1_0.password,
        u1_0.profile_image,
        u1_0.provider,
        u1_0.provider_id,
        u1_0.push_enabled,
        u1_0.role 
    from
        users u1_0 
    where
        u1_0.id=? 
        and (
            u1_0.is_deleted = false
        )
Hibernate: 
    select
        rm1_0.id,
        rm1_0.is_deleted,
        rm1_0.joined_at,
        rm1_0.role,
        rm1_0.room_id,
        rm1_0.status,
        rm1_0.user_id 
    from
        room_members rm1_0 
    where
        (
            rm1_0.is_deleted = false
        ) 
        and rm1_0.room_id=?
Hibernate: 
    select
        a1_0.id,
        a1_0.active,
        a1_0.content,
        a1_0.created_at,
        a1_0.updated_at 
    from
        announcements a1_0 
    order by
        a1_0.created_at desc
Hibernate: 
    select
        rm1_0.id,
        rm1_0.is_deleted,
        rm1_0.joined_at,
        rm1_0.role,
        rm1_0.room_id,
        rm1_0.status,
        rm1_0.user_id 
    from
        room_members rm1_0 
    where
        (
            rm1_0.is_deleted = false
        ) 
        and rm1_0.room_id=?
Hibernate: 
    select
        u1_0.id,
        u1_0.alert1h,
        u1_0.alert3h,
        u1_0.alert_day,
        u1_0.created_at,
        u1_0.email,
        u1_0.email_notification_enabled,
        u1_0.failed_login_attempts,
        u1_0.is_deleted,
        u1_0.lock_until,
        u1_0.nickname,
        u1_0.nickname_set,
        u1_0.password,
        u1_0.profile_image,
        u1_0.provider,
        u1_0.provider_id,
        u1_0.push_enabled,
        u1_0.role 
    from
        users u1_0 
    where
        u1_0.id=? 
        and (
            u1_0.is_deleted = false
        )
Hibernate: 
    select
        rm1_0.id,
        rm1_0.is_deleted,
        rm1_0.joined_at,
        rm1_0.role,
        rm1_0.room_id,
        rm1_0.status,
        rm1_0.user_id 
    from
        room_members rm1_0 
    where
        (
            rm1_0.is_deleted = false
        ) 
        and rm1_0.room_id=?
Hibernate: 
    select
        u1_0.id,
        u1_0.alert1h,
        u1_0.alert3h,
        u1_0.alert_day,
        u1_0.created_at,
        u1_0.email,
        u1_0.email_notification_enabled,
        u1_0.failed_login_attempts,
        u1_0.is_deleted,
        u1_0.lock_until,
        u1_0.nickname,
        u1_0.nickname_set,
        u1_0.password,
        u1_0.profile_image,
        u1_0.provider,
        u1_0.provider_id,
        u1_0.push_enabled,
        u1_0.role 
    from
        users u1_0 
    where
        (
            u1_0.is_deleted = false
        )
Hibernate: 
    select
        u1_0.id,
        u1_0.alert1h,
        u1_0.alert3h,
        u1_0.alert_day,
        u1_0.created_at,
        u1_0.email,
        u1_0.email_notification_enabled,
        u1_0.failed_login_attempts,
        u1_0.is_deleted,
        u1_0.lock_until,
        u1_0.nickname,
        u1_0.nickname_set,
        u1_0.password,
        u1_0.profile_image,
        u1_0.provider,
        u1_0.provider_id,
        u1_0.push_enabled,
        u1_0.role 
    from
        users u1_0 
    where
        u1_0.id=? 
        and (
            u1_0.is_deleted = false
        )
Hibernate: 
    select
        r1_0.id,
        r1_0.created_at,
        r1_0.description,
        r1_0.is_deleted,
        r1_0.name,
        r1_0.owner_id 
    from
        rooms r1_0 
    where
        (
            r1_0.is_deleted = false
        )
Hibernate: 
    select
        rm1_0.id,
        rm1_0.is_deleted,
        rm1_0.joined_at,
        rm1_0.role,
        rm1_0.room_id,
        rm1_0.status,
        rm1_0.user_id 
    from
        room_members rm1_0 
    where
        (
            rm1_0.is_deleted = false
        ) 
        and rm1_0.room_id=?
Hibernate: 
    select
        rm1_0.id,
        rm1_0.is_deleted,
        rm1_0.joined_at,
        rm1_0.role,
        rm1_0.room_id,
        rm1_0.status,
        rm1_0.user_id 
    from
        room_members rm1_0 
    where
        (
            rm1_0.is_deleted = false
        ) 
        and rm1_0.room_id=?
Hibernate: 
    select
        rm1_0.id,
        rm1_0.is_deleted,
        rm1_0.joined_at,
        rm1_0.role,
        rm1_0.room_id,
        rm1_0.status,
        rm1_0.user_id 
    from
        room_members rm1_0 
    where
        (
            rm1_0.is_deleted = false
        ) 
        and rm1_0.room_id=?
Hibernate: 
    select
        u1_0.id,
        u1_0.alert1h,
        u1_0.alert3h,
        u1_0.alert_day,
        u1_0.created_at,
        u1_0.email,
        u1_0.email_notification_enabled,
        u1_0.failed_login_attempts,
        u1_0.is_deleted,
        u1_0.lock_until,
        u1_0.nickname,
        u1_0.nickname_set,
        u1_0.password,
        u1_0.profile_image,
        u1_0.provider,
        u1_0.provider_id,
        u1_0.push_enabled,
        u1_0.role 
    from
        users u1_0 
    where
        u1_0.id=? 
        and (
            u1_0.is_deleted = false
        )
Hibernate: 
    select
        rm1_0.id,
        rm1_0.is_deleted,
        rm1_0.joined_at,
        rm1_0.role,
        rm1_0.room_id,
        rm1_0.status,
        rm1_0.user_id 
    from
        room_members rm1_0 
    where
        (
            rm1_0.is_deleted = false
        ) 
        and rm1_0.room_id=?
Hibernate: 
    select
        u1_0.id,
        u1_0.alert1h,
        u1_0.alert3h,
        u1_0.alert_day,
        u1_0.created_at,
        u1_0.email,
        u1_0.email_notification_enabled,
        u1_0.failed_login_attempts,
        u1_0.is_deleted,
        u1_0.lock_until,
        u1_0.nickname,
        u1_0.nickname_set,
        u1_0.password,
        u1_0.profile_image,
        u1_0.provider,
        u1_0.provider_id,
        u1_0.push_enabled,
        u1_0.role 
    from
        users u1_0 
    where
        u1_0.id=? 
        and (
            u1_0.is_deleted = false
        )
Hibernate: 
    select
        u1_0.id,
        u1_0.alert1h,
        u1_0.alert3h,
        u1_0.alert_day,
        u1_0.created_at,
        u1_0.email,
        u1_0.email_notification_enabled,
        u1_0.failed_login_attempts,
        u1_0.is_deleted,
        u1_0.lock_until,
        u1_0.nickname,
        u1_0.nickname_set,
        u1_0.password,
        u1_0.profile_image,
        u1_0.provider,
        u1_0.provider_id,
        u1_0.push_enabled,
        u1_0.role 
    from
        users u1_0 
    where
        u1_0.id=? 
        and (
            u1_0.is_deleted = false
        )
Hibernate: 
    select
        u1_0.id,
        u1_0.alert1h,
        u1_0.alert3h,
        u1_0.alert_day,
        u1_0.created_at,
        u1_0.email,
        u1_0.email_notification_enabled,
        u1_0.failed_login_attempts,
        u1_0.is_deleted,
        u1_0.lock_until,
        u1_0.nickname,
        u1_0.nickname_set,
        u1_0.password,
        u1_0.profile_image,
        u1_0.provider,
        u1_0.provider_id,
        u1_0.push_enabled,
        u1_0.role 
    from
        users u1_0 
    where
        u1_0.id=? 
        and (
            u1_0.is_deleted = false
        )
Hibernate: 
    select
        a1_0.id,
        a1_0.active,
        a1_0.content,
        a1_0.created_at,
        a1_0.updated_at 
    from
        announcements a1_0 
    where
        a1_0.active 
    order by
        a1_0.created_at desc 
    fetch
        first ? rows only
Hibernate: 
    select
        rm1_0.id,
        rm1_0.is_deleted,
        rm1_0.joined_at,
        rm1_0.role,
        rm1_0.room_id,
        rm1_0.status,
        rm1_0.user_id 
    from
        room_members rm1_0 
    where
        (
            rm1_0.is_deleted = false
        ) 
        and rm1_0.user_id=?
Hibernate: 
    select
        r1_0.id,
        r1_0.created_at,
        r1_0.description,
        r1_0.is_deleted,
        r1_0.name,
        r1_0.owner_id 
    from
        rooms r1_0 
    where
        r1_0.id=? 
        and (
            r1_0.is_deleted = false
        )
Hibernate: 
    select
        rm1_0.id,
        rm1_0.is_deleted,
        rm1_0.joined_at,
        rm1_0.role,
        rm1_0.room_id,
        rm1_0.status,
        rm1_0.user_id 
    from
        room_members rm1_0 
    where
        (
            rm1_0.is_deleted = false
        ) 
        and rm1_0.room_id=?
Hibernate: 
    select
        u1_0.id,
        u1_0.alert1h,
        u1_0.alert3h,
        u1_0.alert_day,
        u1_0.created_at,
        u1_0.email,
        u1_0.email_notification_enabled,
        u1_0.failed_login_attempts,
        u1_0.is_deleted,
        u1_0.lock_until,
        u1_0.nickname,
        u1_0.nickname_set,
        u1_0.password,
        u1_0.profile_image,
        u1_0.provider,
        u1_0.provider_id,
        u1_0.push_enabled,
        u1_0.role 
    from
        users u1_0 
    where
        u1_0.id=? 
        and (
            u1_0.is_deleted = false
        )
Hibernate: 
    select
        a1_0.id,
        a1_0.active,
        a1_0.content,
        a1_0.created_at,
        a1_0.updated_at 
    from
        announcements a1_0 
    where
        a1_0.active 
    order by
        a1_0.created_at desc 
    fetch
        first ? rows only
Hibernate: 
    select
        u1_0.id,
        u1_0.alert1h,
        u1_0.alert3h,
        u1_0.alert_day,
        u1_0.created_at,
        u1_0.email,
        u1_0.email_notification_enabled,
        u1_0.failed_login_attempts,
        u1_0.is_deleted,
        u1_0.lock_until,
        u1_0.nickname,
        u1_0.nickname_set,
        u1_0.password,
        u1_0.profile_image,
        u1_0.provider,
        u1_0.provider_id,
        u1_0.push_enabled,
        u1_0.role 
    from
        users u1_0 
    where
        u1_0.id=? 
        and (
            u1_0.is_deleted = false
        )
Hibernate: 
    select
        rm1_0.id,
        rm1_0.is_deleted,
        rm1_0.joined_at,
        rm1_0.role,
        rm1_0.room_id,
        rm1_0.status,
        rm1_0.user_id 
    from
        room_members rm1_0 
    where
        (
            rm1_0.is_deleted = false
        ) 
        and rm1_0.user_id=?
Hibernate: 
    select
        r1_0.id,
        r1_0.created_at,
        r1_0.description,
        r1_0.is_deleted,
        r1_0.name,
        r1_0.owner_id 
    from
        rooms r1_0 
    where
        r1_0.id=? 
        and (
            r1_0.is_deleted = false
        )
Hibernate: 
    select
        rm1_0.id,
        rm1_0.is_deleted,
        rm1_0.joined_at,
        rm1_0.role,
        rm1_0.room_id,
        rm1_0.status,
        rm1_0.user_id 
    from
        room_members rm1_0 
    where
        (
            rm1_0.is_deleted = false
        ) 
        and rm1_0.room_id=?
Hibernate: 
    select
        u1_0.id,
        u1_0.alert1h,
        u1_0.alert3h,
        u1_0.alert_day,
        u1_0.created_at,
        u1_0.email,
        u1_0.email_notification_enabled,
        u1_0.failed_login_attempts,
        u1_0.is_deleted,
        u1_0.lock_until,
        u1_0.nickname,
        u1_0.nickname_set,
        u1_0.password,
        u1_0.profile_image,
        u1_0.provider,
        u1_0.provider_id,
        u1_0.push_enabled,
        u1_0.role 
    from
        users u1_0 
    where
        u1_0.id=? 
        and (
            u1_0.is_deleted = false
        )
Hibernate: 
    select
        s1_0.id,
        s1_0.created_at,
        s1_0.created_by,
        s1_0.description,
        s1_0.event_date,
        s1_0.event_time,
        s1_0.is_deleted,
        s1_0.location,
        s1_0.room_id,
        s1_0.title 
    from
        schedules s1_0 
    where
        (
            s1_0.is_deleted = false
        ) 
        and s1_0.room_id=? 
    order by
        s1_0.event_date
Hibernate: 
    select
        u1_0.id,
        u1_0.alert1h,
        u1_0.alert3h,
        u1_0.alert_day,
        u1_0.created_at,
        u1_0.email,
        u1_0.email_notification_enabled,
        u1_0.failed_login_attempts,
        u1_0.is_deleted,
        u1_0.lock_until,
        u1_0.nickname,
        u1_0.nickname_set,
        u1_0.password,
        u1_0.profile_image,
        u1_0.provider,
        u1_0.provider_id,
        u1_0.push_enabled,
        u1_0.role 
    from
        users u1_0 
    where
        u1_0.id=? 
        and (
            u1_0.is_deleted = false
        )
Hibernate: 
    select
        s1_0.id,
        s1_0.created_at,
        s1_0.created_by,
        s1_0.description,
        s1_0.event_date,
        s1_0.event_time,
        s1_0.is_deleted,
        s1_0.location,
        s1_0.room_id,
        s1_0.title 
    from
        schedules s1_0 
    where
        (
            s1_0.is_deleted = false
        ) 
        and s1_0.room_id=? 
    order by
        s1_0.event_date
Hibernate: 
    select
        u1_0.id,
        u1_0.alert1h,
        u1_0.alert3h,
        u1_0.alert_day,
        u1_0.created_at,
        u1_0.email,
        u1_0.email_notification_enabled,
        u1_0.failed_login_attempts,
        u1_0.is_deleted,
        u1_0.lock_until,
        u1_0.nickname,
        u1_0.nickname_set,
        u1_0.password,
        u1_0.profile_image,
        u1_0.provider,
        u1_0.provider_id,
        u1_0.push_enabled,
        u1_0.role 
    from
        users u1_0 
    where
        u1_0.id=? 
        and (
            u1_0.is_deleted = false
        )
Hibernate: 
    select
        s1_0.id,
        s1_0.created_at,
        s1_0.created_by,
        s1_0.description,
        s1_0.event_date,
        s1_0.event_time,
        s1_0.is_deleted,
        s1_0.location,
        s1_0.room_id,
        s1_0.title 
    from
        schedules s1_0 
    where
        (
            s1_0.is_deleted = false
        ) 
        and s1_0.room_id=? 
    order by
        s1_0.event_date
Hibernate: 
    select
        u1_0.id,
        u1_0.alert1h,
        u1_0.alert3h,
        u1_0.alert_day,
        u1_0.created_at,
        u1_0.email,
        u1_0.email_notification_enabled,
        u1_0.failed_login_attempts,
        u1_0.is_deleted,
        u1_0.lock_until,
        u1_0.nickname,
        u1_0.nickname_set,
        u1_0.password,
        u1_0.profile_image,
        u1_0.provider,
        u1_0.provider_id,
        u1_0.push_enabled,
        u1_0.role 
    from
        users u1_0 
    where
        u1_0.id=? 
        and (
            u1_0.is_deleted = false
        )
Hibernate: 
    select
        u1_0.id,
        u1_0.alert1h,
        u1_0.alert3h,
        u1_0.alert_day,
        u1_0.created_at,
        u1_0.email,
        u1_0.email_notification_enabled,
        u1_0.failed_login_attempts,
        u1_0.is_deleted,
        u1_0.lock_until,
        u1_0.nickname,
        u1_0.nickname_set,
        u1_0.password,
        u1_0.profile_image,
        u1_0.provider,
        u1_0.provider_id,
        u1_0.push_enabled,
        u1_0.role 
    from
        users u1_0 
    where
        u1_0.id=? 
        and (
            u1_0.is_deleted = false
        )
Hibernate: 
    select
        u1_0.id,
        u1_0.alert1h,
        u1_0.alert3h,
        u1_0.alert_day,
        u1_0.created_at,
        u1_0.email,
        u1_0.email_notification_enabled,
        u1_0.failed_login_attempts,
        u1_0.is_deleted,
        u1_0.lock_until,
        u1_0.nickname,
        u1_0.nickname_set,
        u1_0.password,
        u1_0.profile_image,
        u1_0.provider,
        u1_0.provider_id,
        u1_0.push_enabled,
        u1_0.role 
    from
        users u1_0 
    where
        u1_0.id=? 
        and (
            u1_0.is_deleted = false
        )
Hibernate: 
    select
        r1_0.id,
        r1_0.created_at,
        r1_0.description,
        r1_0.is_deleted,
        r1_0.name,
        r1_0.owner_id 
    from
        rooms r1_0 
    where
        r1_0.id=? 
        and (
            r1_0.is_deleted = false
        )
Hibernate: 
    select
        rm1_0.id,
        rm1_0.is_deleted,
        rm1_0.joined_at,
        rm1_0.role,
        rm1_0.room_id,
        rm1_0.status,
        rm1_0.user_id 
    from
        room_members rm1_0 
    where
        (
            rm1_0.is_deleted = false
        ) 
        and rm1_0.room_id=?
Hibernate: 
    select
        u1_0.id,
        u1_0.alert1h,
        u1_0.alert3h,
        u1_0.alert_day,
        u1_0.created_at,
        u1_0.email,
        u1_0.email_notification_enabled,
        u1_0.failed_login_attempts,
        u1_0.is_deleted,
        u1_0.lock_until,
        u1_0.nickname,
        u1_0.nickname_set,
        u1_0.password,
        u1_0.profile_image,
        u1_0.provider,
        u1_0.provider_id,
        u1_0.push_enabled,
        u1_0.role 
    from
        users u1_0 
    where
        u1_0.id=? 
        and (
            u1_0.is_deleted = false
        )
Hibernate: 
    select
        ns1_0.id,
        ns1_0.alert1h,
        ns1_0.alert3h,
        ns1_0.alert_day,
        ns1_0.enabled,
        ns1_0.room_id,
        ns1_0.user_id 
    from
        notification_settings ns1_0 
    where
        ns1_0.user_id=? 
        and ns1_0.room_id=?
Hibernate: 
    select
        s1_0.id,
        s1_0.created_at,
        s1_0.created_by,
        s1_0.description,
        s1_0.event_date,
        s1_0.event_time,
        s1_0.is_deleted,
        s1_0.location,
        s1_0.room_id,
        s1_0.title 
    from
        schedules s1_0 
    where
        (
            s1_0.is_deleted = false
        ) 
        and s1_0.room_id=? 
    order by
        s1_0.event_date
Hibernate: 
    select
        u1_0.id,
        u1_0.alert1h,
        u1_0.alert3h,
        u1_0.alert_day,
        u1_0.created_at,
        u1_0.email,
        u1_0.email_notification_enabled,
        u1_0.failed_login_attempts,
        u1_0.is_deleted,
        u1_0.lock_until,
        u1_0.nickname,
        u1_0.nickname_set,
        u1_0.password,
        u1_0.profile_image,
        u1_0.provider,
        u1_0.provider_id,
        u1_0.push_enabled,
        u1_0.role 
    from
        users u1_0 
    where
        u1_0.id=? 
        and (
            u1_0.is_deleted = false
        )
Hibernate: 
    select
        u1_0.id,
        u1_0.alert1h,
        u1_0.alert3h,
        u1_0.alert_day,
        u1_0.created_at,
        u1_0.email,
        u1_0.email_notification_enabled,
        u1_0.failed_login_attempts,
        u1_0.is_deleted,
        u1_0.lock_until,
        u1_0.nickname,
        u1_0.nickname_set,
        u1_0.password,
        u1_0.profile_image,
        u1_0.provider,
        u1_0.provider_id,
        u1_0.push_enabled,
        u1_0.role 
    from
        users u1_0 
    where
        u1_0.id=? 
        and (
            u1_0.is_deleted = false
        )
Hibernate: 
    select
        r1_0.id,
        r1_0.created_at,
        r1_0.description,
        r1_0.is_deleted,
        r1_0.name,
        r1_0.owner_id 
    from
        rooms r1_0 
    where
        r1_0.id=? 
        and (
            r1_0.is_deleted = false
        )
Hibernate: 
    select
        u1_0.id,
        u1_0.alert1h,
        u1_0.alert3h,
        u1_0.alert_day,
        u1_0.created_at,
        u1_0.email,
        u1_0.email_notification_enabled,
        u1_0.failed_login_attempts,
        u1_0.is_deleted,
        u1_0.lock_until,
        u1_0.nickname,
        u1_0.nickname_set,
        u1_0.password,
        u1_0.profile_image,
        u1_0.provider,
        u1_0.provider_id,
        u1_0.push_enabled,
        u1_0.role 
    from
        users u1_0 
    where
        u1_0.id=? 
        and (
            u1_0.is_deleted = false
        )
Hibernate: 
    select
        u1_0.id,
        u1_0.alert1h,
        u1_0.alert3h,
        u1_0.alert_day,
        u1_0.created_at,
        u1_0.email,
        u1_0.email_notification_enabled,
        u1_0.failed_login_attempts,
        u1_0.is_deleted,
        u1_0.lock_until,
        u1_0.nickname,
        u1_0.nickname_set,
        u1_0.password,
        u1_0.profile_image,
        u1_0.provider,
        u1_0.provider_id,
        u1_0.push_enabled,
        u1_0.role 
    from
        users u1_0 
    where
        u1_0.id=? 
        and (
            u1_0.is_deleted = false
        )
Hibernate: 
    select
        ns1_0.id,
        ns1_0.alert1h,
        ns1_0.alert3h,
        ns1_0.alert_day,
        ns1_0.enabled,
        ns1_0.room_id,
        ns1_0.user_id 
    from
        notification_settings ns1_0 
    where
        ns1_0.user_id=? 
        and ns1_0.room_id=?
Hibernate: 
    select
        rm1_0.id,
        rm1_0.is_deleted,
        rm1_0.joined_at,
        rm1_0.role,
        rm1_0.room_id,
        rm1_0.status,
        rm1_0.user_id 
    from
        room_members rm1_0 
    where
        (
            rm1_0.is_deleted = false
        ) 
        and rm1_0.room_id=?
Hibernate: 
    select
        u1_0.id,
        u1_0.alert1h,
        u1_0.alert3h,
        u1_0.alert_day,
        u1_0.created_at,
        u1_0.email,
        u1_0.email_notification_enabled,
        u1_0.failed_login_attempts,
        u1_0.is_deleted,
        u1_0.lock_until,
        u1_0.nickname,
        u1_0.nickname_set,
        u1_0.password,
        u1_0.profile_image,
        u1_0.provider,
        u1_0.provider_id,
        u1_0.push_enabled,
        u1_0.role 
    from
        users u1_0 
    where
        u1_0.id=? 
        and (
            u1_0.is_deleted = false
        )
Hibernate: 
    select
        s1_0.id,
        s1_0.created_at,
        s1_0.created_by,
        s1_0.description,
        s1_0.event_date,
        s1_0.event_time,
        s1_0.is_deleted,
        s1_0.location,
        s1_0.room_id,
        s1_0.title 
    from
        schedules s1_0 
    where
        (
            s1_0.is_deleted = false
        ) 
        and s1_0.event_date=? 
        and s1_0.event_time between ? and ?
Hibernate: 
    select
        s1_0.id,
        s1_0.created_at,
        s1_0.created_by,
        s1_0.description,
        s1_0.event_date,
        s1_0.event_time,
        s1_0.is_deleted,
        s1_0.location,
        s1_0.room_id,
        s1_0.title 
    from
        schedules s1_0 
    where
        (
            s1_0.is_deleted = false
        ) 
        and s1_0.event_date=? 
        and s1_0.event_time between ? and ?
Hibernate: 
    select
        u1_0.id,
        u1_0.alert1h,
        u1_0.alert3h,
        u1_0.alert_day,
        u1_0.created_at,
        u1_0.email,
        u1_0.email_notification_enabled,
        u1_0.failed_login_attempts,
        u1_0.is_deleted,
        u1_0.lock_until,
        u1_0.nickname,
        u1_0.nickname_set,
        u1_0.password,
        u1_0.profile_image,
        u1_0.provider,
        u1_0.provider_id,
        u1_0.push_enabled,
        u1_0.role 
    from
        users u1_0 
    where
        u1_0.id=? 
        and (
            u1_0.is_deleted = false
        )
Hibernate: 
    select
        u1_0.id,
        u1_0.alert1h,
        u1_0.alert3h,
        u1_0.alert_day,
        u1_0.created_at,
        u1_0.email,
        u1_0.email_notification_enabled,
        u1_0.failed_login_attempts,
        u1_0.is_deleted,
        u1_0.lock_until,
        u1_0.nickname,
        u1_0.nickname_set,
        u1_0.password,
        u1_0.profile_image,
        u1_0.provider,
        u1_0.provider_id,
        u1_0.push_enabled,
        u1_0.role 
    from
        users u1_0 
    where
        u1_0.id=? 
        and (
            u1_0.is_deleted = false
        )
Hibernate: 
    select
        rm1_0.id,
        rm1_0.is_deleted,
        rm1_0.joined_at,
        rm1_0.role,
        rm1_0.room_id,
        rm1_0.status,
        rm1_0.user_id 
    from
        room_members rm1_0 
    where
        (
            rm1_0.is_deleted = false
        ) 
        and rm1_0.room_id=? 
        and rm1_0.user_id=?
Hibernate: 
    insert 
    into
        invite_codes
        (code, created_at, created_by, expires_at, is_deleted, room_id, used, used_by, id) 
    values
        (?, ?, ?, ?, ?, ?, ?, ?, default)
Hibernate: 
    select
        u1_0.id,
        u1_0.alert1h,
        u1_0.alert3h,
        u1_0.alert_day,
        u1_0.created_at,
        u1_0.email,
        u1_0.email_notification_enabled,
        u1_0.failed_login_attempts,
        u1_0.is_deleted,
        u1_0.lock_until,
        u1_0.nickname,
        u1_0.nickname_set,
        u1_0.password,
        u1_0.profile_image,
        u1_0.provider,
        u1_0.provider_id,
        u1_0.push_enabled,
        u1_0.role 
    from
        users u1_0 
    where
        u1_0.id=? 
        and (
            u1_0.is_deleted = false
        )
Hibernate: 
    select
        u1_0.id,
        u1_0.alert1h,
        u1_0.alert3h,
        u1_0.alert_day,
        u1_0.created_at,
        u1_0.email,
        u1_0.email_notification_enabled,
        u1_0.failed_login_attempts,
        u1_0.is_deleted,
        u1_0.lock_until,
        u1_0.nickname,
        u1_0.nickname_set,
        u1_0.password,
        u1_0.profile_image,
        u1_0.provider,
        u1_0.provider_id,
        u1_0.push_enabled,
        u1_0.role 
    from
        users u1_0 
    where
        u1_0.id=? 
        and (
            u1_0.is_deleted = false
        )
Hibernate: 
    select
        a1_0.id,
        a1_0.active,
        a1_0.content,
        a1_0.created_at,
        a1_0.updated_at 
    from
        announcements a1_0 
    where
        a1_0.active 
    order by
        a1_0.created_at desc 
    fetch
        first ? rows only
Hibernate: 
    select
        rm1_0.id,
        rm1_0.is_deleted,
        rm1_0.joined_at,
        rm1_0.role,
        rm1_0.room_id,
        rm1_0.status,
        rm1_0.user_id 
    from
        room_members rm1_0 
    where
        (
            rm1_0.is_deleted = false
        ) 
        and rm1_0.user_id=?
Hibernate: 
    select
        r1_0.id,
        r1_0.created_at,
        r1_0.description,
        r1_0.is_deleted,
        r1_0.name,
        r1_0.owner_id 
    from
        rooms r1_0 
    where
        r1_0.id=? 
        and (
            r1_0.is_deleted = false
        )
Hibernate: 
    select
        rm1_0.id,
        rm1_0.is_deleted,
        rm1_0.joined_at,
        rm1_0.role,
        rm1_0.room_id,
        rm1_0.status,
        rm1_0.user_id 
    from
        room_members rm1_0 
    where
        (
            rm1_0.is_deleted = false
        ) 
        and rm1_0.room_id=?
Hibernate: 
    select
        u1_0.id,
        u1_0.alert1h,
        u1_0.alert3h,
        u1_0.alert_day,
        u1_0.created_at,
        u1_0.email,
        u1_0.email_notification_enabled,
        u1_0.failed_login_attempts,
        u1_0.is_deleted,
        u1_0.lock_until,
        u1_0.nickname,
        u1_0.nickname_set,
        u1_0.password,
        u1_0.profile_image,
        u1_0.provider,
        u1_0.provider_id,
        u1_0.push_enabled,
        u1_0.role 
    from
        users u1_0 
    where
        u1_0.id=? 
        and (
            u1_0.is_deleted = false
        )
Hibernate: 
    select
        u1_0.id,
        u1_0.alert1h,
        u1_0.alert3h,
        u1_0.alert_day,
        u1_0.created_at,
        u1_0.email,
        u1_0.email_notification_enabled,
        u1_0.failed_login_attempts,
        u1_0.is_deleted,
        u1_0.lock_until,
        u1_0.nickname,
        u1_0.nickname_set,
        u1_0.password,
        u1_0.profile_image,
        u1_0.provider,
        u1_0.provider_id,
        u1_0.push_enabled,
        u1_0.role 
    from
        users u1_0 
    where
        u1_0.id=? 
        and (
            u1_0.is_deleted = false
        )
Hibernate: 
    select
        a1_0.id,
        a1_0.active,
        a1_0.content,
        a1_0.created_at,
        a1_0.updated_at 
    from
        announcements a1_0 
    where
        a1_0.active 
    order by
        a1_0.created_at desc 
    fetch
        first ? rows only
Hibernate: 
    select
        rm1_0.id,
        rm1_0.is_deleted,
        rm1_0.joined_at,
        rm1_0.role,
        rm1_0.room_id,
        rm1_0.status,
        rm1_0.user_id 
    from
        room_members rm1_0 
    where
        (
            rm1_0.is_deleted = false
        ) 
        and rm1_0.user_id=?
Hibernate: 
    select
        r1_0.id,
        r1_0.created_at,
        r1_0.description,
        r1_0.is_deleted,
        r1_0.name,
        r1_0.owner_id 
    from
        rooms r1_0 
    where
        r1_0.id=? 
        and (
            r1_0.is_deleted = false
        )
Hibernate: 
    select
        rm1_0.id,
        rm1_0.is_deleted,
        rm1_0.joined_at,
        rm1_0.role,
        rm1_0.room_id,
        rm1_0.status,
        rm1_0.user_id 
    from
        room_members rm1_0 
    where
        (
            rm1_0.is_deleted = false
        ) 
        and rm1_0.room_id=?
Hibernate: 
    select
        u1_0.id,
        u1_0.alert1h,
        u1_0.alert3h,
        u1_0.alert_day,
        u1_0.created_at,
        u1_0.email,
        u1_0.email_notification_enabled,
        u1_0.failed_login_attempts,
        u1_0.is_deleted,
        u1_0.lock_until,
        u1_0.nickname,
        u1_0.nickname_set,
        u1_0.password,
        u1_0.profile_image,
        u1_0.provider,
        u1_0.provider_id,
        u1_0.push_enabled,
        u1_0.role 
    from
        users u1_0 
    where
        u1_0.id=? 
        and (
            u1_0.is_deleted = false
        )
Hibernate: 
    select
        s1_0.id,
        s1_0.created_at,
        s1_0.created_by,
        s1_0.description,
        s1_0.event_date,
        s1_0.event_time,
        s1_0.is_deleted,
        s1_0.location,
        s1_0.room_id,
        s1_0.title 
    from
        schedules s1_0 
    where
        (
            s1_0.is_deleted = false
        ) 
        and s1_0.room_id=? 
    order by
        s1_0.event_date
Hibernate: 
    select
        u1_0.id,
        u1_0.alert1h,
        u1_0.alert3h,
        u1_0.alert_day,
        u1_0.created_at,
        u1_0.email,
        u1_0.email_notification_enabled,
        u1_0.failed_login_attempts,
        u1_0.is_deleted,
        u1_0.lock_until,
        u1_0.nickname,
        u1_0.nickname_set,
        u1_0.password,
        u1_0.profile_image,
        u1_0.provider,
        u1_0.provider_id,
        u1_0.push_enabled,
        u1_0.role 
    from
        users u1_0 
    where
        u1_0.id=? 
        and (
            u1_0.is_deleted = false
        )
Hibernate: 
    select
        s1_0.id,
        s1_0.created_at,
        s1_0.created_by,
        s1_0.description,
        s1_0.event_date,
        s1_0.event_time,
        s1_0.is_deleted,
        s1_0.location,
        s1_0.room_id,
        s1_0.title 
    from
        schedules s1_0 
    where
        (
            s1_0.is_deleted = false
        ) 
        and s1_0.room_id=? 
    order by
        s1_0.event_date
Hibernate: 
    select
        s1_0.id,
        s1_0.created_at,
        s1_0.created_by,
        s1_0.description,
        s1_0.event_date,
        s1_0.event_time,
        s1_0.is_deleted,
        s1_0.location,
        s1_0.room_id,
        s1_0.title 
    from
        schedules s1_0 
    where
        (
            s1_0.is_deleted = false
        ) 
        and s1_0.event_date=? 
        and s1_0.event_time between ? and ?
Hibernate: 
    select
        s1_0.id,
        s1_0.created_at,
        s1_0.created_by,
        s1_0.description,
        s1_0.event_date,
        s1_0.event_time,
        s1_0.is_deleted,
        s1_0.location,
        s1_0.room_id,
        s1_0.title 
    from
        schedules s1_0 
    where
        (
            s1_0.is_deleted = false
        ) 
        and s1_0.event_date=? 
        and s1_0.event_time between ? and ?
Hibernate: 
    select
        s1_0.id,
        s1_0.created_at,
        s1_0.created_by,
        s1_0.description,
        s1_0.event_date,
        s1_0.event_time,
        s1_0.is_deleted,
        s1_0.location,
        s1_0.room_id,
        s1_0.title 
    from
        schedules s1_0 
    where
        (
            s1_0.is_deleted = false
        ) 
        and s1_0.event_date=? 
        and s1_0.event_time between ? and ?
Hibernate: 
    select
        s1_0.id,
        s1_0.created_at,
        s1_0.created_by,
        s1_0.description,
        s1_0.event_date,
        s1_0.event_time,
        s1_0.is_deleted,
        s1_0.location,
        s1_0.room_id,
        s1_0.title 
    from
        schedules s1_0 
    where
        (
            s1_0.is_deleted = false
        ) 
        and s1_0.event_date=? 
        and s1_0.event_time between ? and ?

> Task :bootRun FAILED
4 actionable tasks: 4 executed
